// Jest Snapshot v1, https://goo.gl/fbAQLP

exports[`Button should render correctly 1`] = `
<button
  className="sc-bczRLJ eVNmrq"
  type="submit"
>
  Save
</button>
`;
